2026-09-12 22:46:01,234 - INFO - Loafly pipeline started
2026-09-12 22:46:01,235 - INFO - Starting order extraction from raw_orders.csv
2026-09-12 22:46:01,235 - INFO - Successfully extracted 15 orders
2026-09-12 22:46:01,236 - INFO - Finished processing price for item 'Sourdough Loaf' in order 5001
2026-09-12 22:46:01,236 - INFO - Order 5001 transformed successfully. Total: 297.00
2026-09-12 22:46:01,237 - INFO - Finished processing price for item 'Butter Croissant' in order 5002
2026-09-12 22:46:01,237 - INFO - Finished processing price for item 'Banana Bread' in order 5002
2026-09-12 22:46:01,237 - INFO - Finished processing price for item 'Ciabatta' in order 5002
2026-09-12 22:46:01,237 - INFO - Order 5002 transformed successfully. Total: 513.00
2026-09-12 22:46:01,238 - INFO - Finished processing price for item 'Cinnamon Roll' in order 5003
2026-09-12 22:46:01,238 - INFO - Finished processing price for item 'Banana Bread' in order 5003
2026-09-12 22:46:01,238 - INFO - Finished processing price for item 'Chocolate Cake Slice' in order 5003
2026-09-12 22:46:01,238 - INFO - Order 5003 transformed successfully. Total: 666.00
2026-09-12 22:46:01,239 - WARNING - Skipping item 'Chocolate Cake Slice' in order 5004: missing or invalid price
2026-09-12 22:46:01,239 - INFO - Finished processing price for item 'Chocolate Cake Slice' in order 5004
2026-09-12 22:46:01,239 - INFO - Finished processing price for item 'Focaccia' in order 5004
2026-09-12 22:46:01,239 - INFO - Finished processing price for item 'Baguette' in order 5004
2026-09-12 22:46:01,239 - INFO - Order 5004 transformed successfully. Total: 369.00
2026-09-12 22:46:01,239 - INFO - Finished processing price for item 'Focaccia' in order 5005
2026-09-12 22:46:01,240 - INFO - Order 5005 transformed successfully. Total: 243.00
2026-09-12 22:46:01,240 - INFO - Finished processing price for item 'Cookie Box' in order 5006
2026-09-12 22:46:01,240 - INFO - Order 5006 transformed successfully. Total: 1116.00
2026-09-12 22:46:01,240 - INFO - Finished processing price for item 'Butter Croissant' in order 5007
2026-09-12 22:46:01,240 - INFO - Finished processing price for item 'Banana Bread' in order 5007
2026-09-12 22:46:01,241 - INFO - Order 5007 transformed successfully. Total: 369.00
2026-09-12 22:46:01,241 - INFO - Finished processing price for item 'Cinnamon Roll' in order 5008
2026-09-12 22:46:01,241 - INFO - Finished processing price for item 'Butter Croissant' in order 5008
2026-09-12 22:46:01,241 - INFO - Finished processing price for item 'Sourdough Loaf' in order 5008
2026-09-12 22:46:01,241 - INFO - Order 5008 transformed successfully. Total: 639.00
2026-09-12 22:46:01,242 - INFO - Finished processing price for item 'Focaccia' in order 5009
2026-09-12 22:46:01,242 - WARNING - Skipping item 'Blueberry Muffin' in order 5009: missing or invalid price
2026-09-12 22:46:01,242 - INFO - Finished processing price for item 'Blueberry Muffin' in order 5009
2026-09-12 22:46:01,242 - INFO - Finished processing price for item 'Ciabatta' in order 5009
2026-09-12 22:46:01,242 - INFO - Order 5009 transformed successfully. Total: 396.00
2026-09-12 22:46:01,242 - INFO - Finished processing price for item 'Cinnamon Roll' in order 5010
2026-09-12 22:46:01,243 - INFO - Finished processing price for item 'Blueberry Muffin' in order 5010
2026-09-12 22:46:01,243 - INFO - Finished processing price for item 'Cookie Box' in order 5010
2026-09-12 22:46:01,243 - INFO - Order 5010 transformed successfully. Total: 1467.00
2026-09-12 22:46:01,243 - INFO - Finished processing price for item 'Cinnamon Roll' in order 5011
2026-09-12 22:46:01,243 - INFO - Order 5011 transformed successfully. Total: 189.00
2026-09-12 22:46:01,243 - INFO - Finished processing price for item 'Butter Croissant' in order 5012
2026-09-12 22:46:01,244 - INFO - Finished processing price for item 'Cinnamon Roll' in order 5012
2026-09-12 22:46:01,244 - INFO - Order 5012 transformed successfully. Total: 351.00
2026-09-12 22:46:01,244 - WARNING - Skipping item 'Cookie Box' in order 5013: missing or invalid price
2026-09-12 22:46:01,244 - INFO - Finished processing price for item 'Cookie Box' in order 5013
2026-09-12 22:46:01,244 - INFO - Finished processing price for item 'Blueberry Muffin' in order 5013
2026-09-12 22:46:01,245 - INFO - Order 5013 transformed successfully. Total: 135.00
2026-09-12 22:46:01,245 - INFO - Finished processing price for item 'Baguette' in order 5014
2026-09-12 22:46:01,245 - INFO - Finished processing price for item 'Chocolate Cake Slice' in order 5014
2026-09-12 22:46:01,245 - INFO - Finished processing price for item 'Banana Bread' in order 5014
2026-09-12 22:46:01,245 - INFO - Order 5014 transformed successfully. Total: 603.00
2026-09-12 22:46:01,246 - INFO - Finished processing price for item 'Blueberry Muffin' in order 5015
2026-09-12 22:46:01,246 - INFO - Order 5015 transformed successfully. Total: 135.00
2026-09-12 22:46:01,246 - INFO - Saving order 5001 for Arjun, total INR 297.00
2026-09-12 22:46:01,246 - INFO - Saving order 5002 for Kabir, total INR 513.00
2026-09-12 22:46:01,247 - INFO - Saving order 5003 for Aarav, total INR 666.00
2026-09-12 22:46:01,247 - INFO - Saving order 5004 for Kabir, total INR 369.00
2026-09-12 22:46:01,247 - INFO - Saving order 5005 for Reyansh, total INR 243.00
2026-09-12 22:46:01,247 - INFO - Saving order 5006 for Rohan, total INR 1116.00
2026-09-12 22:46:01,247 - INFO - Saving order 5007 for Dev, total INR 369.00
2026-09-12 22:46:01,248 - INFO - Saving order 5008 for Ishita, total INR 639.00
2026-09-12 22:46:01,248 - INFO - Saving order 5009 for Saanvi, total INR 396.00
2026-09-12 22:46:01,248 - INFO - Saving order 5010 for Kabir, total INR 1467.00
2026-09-12 22:46:01,248 - INFO - Saving order 5011 for Rohan, total INR 189.00
2026-09-12 22:46:01,249 - INFO - Saving order 5012 for Reyansh, total INR 351.00
2026-09-12 22:46:01,249 - INFO - Saving order 5013 for Saanvi, total INR 135.00
2026-09-12 22:46:01,249 - INFO - Saving order 5014 for Aditya, total INR 603.00
2026-09-12 22:46:01,249 - INFO - Saving order 5015 for Naina, total INR 135.00
2026-09-12 22:46:01,249 - INFO - Loafly pipeline completed successfully
